== G4 验收链路: 作者化写回 -> LightTools 实开实读 ==
  authored: lt_bridge_authored.lts (35430 B)  sat: lt_bridge_box.sat (5166 B)
[lt] Popen lt.exe (GUI) then attach ...
[lt] Dispatch connected in 0s
  LT 9.1.0 pid=54268 watchdog=11
-- 1) 作者化 .lts -> Open -> SOLID/bbox 读回 --
  [PASS] Open 后 LtBridgeBlock 出现  stat=0 names=['ConicMirror', 'LtBridgeBlock']
  [PASS] LtBridgeBlock VOLUME 读回 == 480 (10x8x6)  V=480.000038 rel=7.83e-08
-- 2) Open LT rearlighting.1.lts (导入/导出上下文) --
-- 2b) P2 自研 SAT (ACIS 30.0) -> ImportPlainSAT --
  [PASS] ImportPlainSAT stat=0  stat=0
-- 3) ExportPlainSAT3 -> 落盘 --
  [PASS] ExportPlainSAT3 stat=0 落盘  stat=0 size=939607
-- 4) P2 解析体 SAT 导入 (--bodies) --
  [FAIL] p2_cyl 导入+VOLUME  stat=-1
  [FAIL] p2_sph 导入+VOLUME  stat=-1
  [FAIL] p2_union 导入+VOLUME  stat=-1
  [FAIL] p2_diff 导入+VOLUME  stat=-1
  [INFO] p2_cyl stat=-1 V=None
  [INFO] p2_sph stat=-1 V=None
  [INFO] p2_union stat=-1 V=None
  [INFO] p2_diff stat=-1 V=None
== G4: PASS ==
